// Vitest Snapshot v1, https://vitest.dev/guide/snapshot.html

exports[`Alpaca > should be able to get F asset info 1`] = `
{
  "attributes": [
    "fractional_eh_enabled",
    "has_options",
  ],
  "class": "us_equity",
  "easy_to_borrow": true,
  "exchange": "NYSE",
  "fractionable": true,
  "id": "1e80b378-a5e3-4727-96bf-9c64fdd4e7e2",
  "maintenance_margin_requirement": 30,
  "margin_requirement_long": "30",
  "margin_requirement_short": "30",
  "marginable": true,
  "name": "Ford Motor Company",
  "shortable": true,
  "status": "active",
  "symbol": "F",
  "tradable": true,
}
`;

exports[`Alpaca > should be able to get the account 1`] = `
{
  "account_blocked": false,
  "account_number": "993452297",
  "accrued_fees": "0",
  "admin_configurations": {
    "allow_instant_ach": true,
    "max_margin_multiplier": "4",
  },
  "balance_asof": "2025-11-17",
  "bod_dtbp": "0",
  "buying_power": "0",
  "cash": "0",
  "created_at": "2025-11-14T07:55:03.746914Z",
  "crypto_status": "ACTIVE",
  "crypto_tier": 1,
  "currency": "USD",
  "daytrade_count": 0,
  "daytrading_buying_power": "0",
  "effective_buying_power": "0",
  "equity": "0",
  "id": "4eef4748-ece6-4ad3-8d5f-4f3acc30a29c",
  "initial_margin": "0",
  "intraday_adjustments": "0",
  "last_equity": "0",
  "last_maintenance_margin": "0",
  "long_market_value": "0",
  "maintenance_margin": "0",
  "multiplier": "1",
  "non_marginable_buying_power": "0",
  "pattern_day_trader": false,
  "pending_reg_taf_fees": "0",
  "portfolio_value": "0",
  "position_market_value": "0",
  "regt_buying_power": "0",
  "short_market_value": "0",
  "shorting_enabled": false,
  "sma": "0",
  "status": "ACTIVE",
  "trade_suspended_by_user": false,
  "trading_blocked": false,
  "transfers_blocked": false,
  "user_configurations": null,
}
`;

exports[`Alpaca > should get positions 1`] = `
[
  {
    "asset_class": "us_option",
    "asset_id": "c13f1060-8248-41d7-83df-0ba5b416e16e",
    "asset_marginable": true,
    "avg_entry_price": "0.46",
    "change_today": "-0.0769230769230769",
    "cost_basis": "-46",
    "current_price": "0.36",
    "exchange": "",
    "lastday_price": "0.39",
    "market_value": "-36",
    "qty": "-1",
    "qty_available": "-1",
    "side": "short",
    "symbol": "CSCO260109C00080000",
    "unrealized_intraday_pl": "3",
    "unrealized_intraday_plpc": "0.0769230769230769",
    "unrealized_pl": "10",
    "unrealized_plpc": "0.2173913043478261",
  },
  {
    "asset_class": "us_option",
    "asset_id": "5bfb2852-f2a2-475e-ba42-6a2341f3e104",
    "asset_marginable": true,
    "avg_entry_price": "26.85",
    "change_today": "-0.0510655408122236",
    "cost_basis": "2685",
    "current_price": "23.6",
    "exchange": "",
    "lastday_price": "24.87",
    "market_value": "2360",
    "qty": "1",
    "qty_available": "1",
    "side": "long",
    "symbol": "CSCO280121C00057500",
    "unrealized_intraday_pl": "-127",
    "unrealized_intraday_plpc": "-0.0510655408122236",
    "unrealized_pl": "-325",
    "unrealized_plpc": "-0.1210428305400372",
  },
  {
    "asset_class": "us_equity",
    "asset_id": "df0d964f-f9e7-4a77-a9a9-1d8fc9b2f41d",
    "asset_marginable": true,
    "avg_entry_price": "48.49",
    "change_today": "-0.0087380613696403",
    "cost_basis": "4849",
    "current_price": "48.78",
    "exchange": "NYSE",
    "lastday_price": "49.21",
    "market_value": "4878",
    "qty": "100",
    "qty_available": "0",
    "side": "long",
    "symbol": "DOCN",
    "unrealized_intraday_pl": "-43",
    "unrealized_intraday_plpc": "-0.0087380613696403",
    "unrealized_pl": "29",
    "unrealized_plpc": "0.005980614559703",
  },
  {
    "asset_class": "us_option",
    "asset_id": "a2bafafd-bd8d-43ef-b84f-dcef8b06c5b5",
    "asset_marginable": true,
    "avg_entry_price": "1.5",
    "change_today": "-0.0857142857142857",
    "cost_basis": "-150",
    "current_price": "1.6",
    "exchange": "",
    "lastday_price": "1.75",
    "market_value": "-160",
    "qty": "-1",
    "qty_available": "-1",
    "side": "short",
    "symbol": "DOCN260109C00050000",
    "unrealized_intraday_pl": "15",
    "unrealized_intraday_plpc": "0.0857142857142857",
    "unrealized_pl": "-10",
    "unrealized_plpc": "-0.0666666666666667",
  },
  {
    "asset_class": "us_equity",
    "asset_id": "69b15845-7c63-4586-b274-1cfdfe9df3d8",
    "asset_marginable": true,
    "avg_entry_price": "311.72264",
    "change_today": "0.0142068564787914",
    "cost_basis": "1558.6132",
    "current_price": "314.181",
    "exchange": "NASDAQ",
    "lastday_price": "309.78",
    "market_value": "1570.905",
    "qty": "5",
    "qty_available": "5",
    "side": "long",
    "symbol": "GOOGL",
    "unrealized_intraday_pl": "22.005",
    "unrealized_intraday_plpc": "0.0142068564787914",
    "unrealized_pl": "12.2918",
    "unrealized_plpc": "0.0078863697548564",
  },
  {
    "asset_class": "us_equity",
    "asset_id": "0cf42aa3-9816-4f1f-aa84-6482ac9303e9",
    "asset_marginable": true,
    "avg_entry_price": "37.82",
    "change_today": "-0.001927412702777",
    "cost_basis": "3782",
    "current_price": "36.2999",
    "exchange": "NASDAQ",
    "lastday_price": "36.37",
    "market_value": "3629.99",
    "qty": "100",
    "qty_available": "0",
    "side": "long",
    "symbol": "INTC",
    "unrealized_intraday_pl": "-7.01",
    "unrealized_intraday_plpc": "-0.001927412702777",
    "unrealized_pl": "-152.01",
    "unrealized_plpc": "-0.040193019566367",
  },
  {
    "asset_class": "us_option",
    "asset_id": "8fb0f995-9851-40e6-a278-283b9d8254b0",
    "asset_marginable": true,
    "avg_entry_price": "0.51",
    "change_today": "-0.15",
    "cost_basis": "-51",
    "current_price": "0.34",
    "exchange": "",
    "lastday_price": "0.4",
    "market_value": "-34",
    "qty": "-1",
    "qty_available": "-1",
    "side": "short",
    "symbol": "INTC260109C00040000",
    "unrealized_intraday_pl": "6",
    "unrealized_intraday_plpc": "0.15",
    "unrealized_pl": "17",
    "unrealized_plpc": "0.3333333333333333",
  },
  {
    "asset_class": "us_equity",
    "asset_id": "4ce9353c-66d1-46c2-898f-fce867ab0247",
    "asset_marginable": true,
    "avg_entry_price": "180.184014",
    "change_today": "0.0253416081441559",
    "cost_basis": "1261.2881",
    "current_price": "188.345",
    "exchange": "NASDAQ",
    "lastday_price": "183.69",
    "market_value": "1318.415",
    "qty": "7",
    "qty_available": "7",
    "side": "long",
    "symbol": "NVDA",
    "unrealized_intraday_pl": "32.585",
    "unrealized_intraday_plpc": "0.0253416081441559",
    "unrealized_pl": "57.1269",
    "unrealized_plpc": "0.0452925069220902",
  },
  {
    "asset_class": "us_equity",
    "asset_id": "cd82c823-09bd-4bdf-b38b-54304aae7d16",
    "asset_marginable": true,
    "avg_entry_price": "100.427295",
    "change_today": "0.0001984443558037",
    "cost_basis": "11047.0024",
    "current_price": "100.2999",
    "exchange": "ARCA",
    "lastday_price": "100.28",
    "market_value": "11032.989",
    "qty": "110",
    "qty_available": "110",
    "side": "long",
    "symbol": "SGOV",
    "unrealized_intraday_pl": "2.189",
    "unrealized_intraday_plpc": "0.0001984443558037",
    "unrealized_pl": "-14.0134",
    "unrealized_plpc": "-0.0012685251159174",
  },
]
`;
