// Vitest Snapshot v1, https://vitest.dev/guide/snapshot.html

exports[`Alpaca > should be able to get F asset info 1`] = `
{
  "attributes": [
    "fractional_eh_enabled",
    "has_options",
  ],
  "class": "us_equity",
  "easy_to_borrow": true,
  "exchange": "NYSE",
  "fractionable": true,
  "id": "1e80b378-a5e3-4727-96bf-9c64fdd4e7e2",
  "maintenance_margin_requirement": 30,
  "margin_requirement_long": "30",
  "margin_requirement_short": "30",
  "marginable": true,
  "name": "Ford Motor Company",
  "shortable": true,
  "status": "active",
  "symbol": "F",
  "tradable": true,
}
`;

exports[`Alpaca > should be able to get the account 1`] = `
{
  "account_blocked": false,
  "account_number": "993452297",
  "accrued_fees": "0",
  "admin_configurations": {
    "allow_instant_ach": true,
    "max_margin_multiplier": "4",
  },
  "balance_asof": "2025-11-17",
  "bod_dtbp": "0",
  "buying_power": "0",
  "cash": "0",
  "created_at": "2025-11-14T07:55:03.746914Z",
  "crypto_status": "ACTIVE",
  "crypto_tier": 1,
  "currency": "USD",
  "daytrade_count": 0,
  "daytrading_buying_power": "0",
  "effective_buying_power": "0",
  "equity": "0",
  "id": "4eef4748-ece6-4ad3-8d5f-4f3acc30a29c",
  "initial_margin": "0",
  "intraday_adjustments": "0",
  "last_equity": "0",
  "last_maintenance_margin": "0",
  "long_market_value": "0",
  "maintenance_margin": "0",
  "multiplier": "1",
  "non_marginable_buying_power": "0",
  "pattern_day_trader": false,
  "pending_reg_taf_fees": "0",
  "portfolio_value": "0",
  "position_market_value": "0",
  "regt_buying_power": "0",
  "short_market_value": "0",
  "shorting_enabled": false,
  "sma": "0",
  "status": "ACTIVE",
  "trade_suspended_by_user": false,
  "trading_blocked": false,
  "transfers_blocked": false,
  "user_configurations": null,
}
`;
