// Vitest Snapshot v1, https://vitest.dev/guide/snapshot.html

exports[`Alpaca > should be able to get overview for F 1`] = `
{
  "200DayMovingAverage": "10.9",
  "50DayMovingAverage": "12.29",
  "52WeekHigh": "13.81",
  "52WeekLow": "8.11",
  "Address": "ONE AMERICAN ROAD, DEARBORN, MI, UNITED STATES, 48126",
  "AnalystRatingBuy": "2",
  "AnalystRatingHold": "16",
  "AnalystRatingSell": "2",
  "AnalystRatingStrongBuy": "2",
  "AnalystRatingStrongSell": "0",
  "AnalystTargetPrice": "12.27",
  "AssetType": "Common Stock",
  "Beta": "1.612",
  "BookValue": "11.89",
  "CIK": "37996",
  "Country": "USA",
  "Currency": "USD",
  "Description": "Ford Motor Company, a historic leader in the automotive sector since 1903, is headquartered in Dearborn, Michigan, and continues to innovate with a diverse lineup that includes trucks, SUVs, and a growing portfolio of electric vehicles. As a front-runner in the transition toward electrification and digital connectivity, Ford is committed to sustainable practices that enhance mobility solutions. With a robust brand reputation and a focus on customer-centric design, the company is well-positioned for sustained growth and resilience in the rapidly evolving automotive market.",
  "DilutedEPSTTM": "1.16",
  "DividendDate": "2025-12-01",
  "DividendPerShare": "0.6",
  "DividendYield": "0.0452",
  "EBITDA": "9708000000",
  "EPS": "1.16",
  "EVToEBITDA": "14.23",
  "EVToRevenue": "0.924",
  "ExDividendDate": "2025-11-07",
  "Exchange": "NYSE",
  "FiscalYearEnd": "December",
  "ForwardPE": "9.35",
  "GrossProfitTTM": "14323000000",
  "Industry": "AUTO MANUFACTURERS",
  "LatestQuarter": "2025-09-30",
  "MarketCapitalization": "52914139000",
  "Name": "Ford Motor Company",
  "OfficialSite": "https://www.ford.com",
  "OperatingMarginTTM": "0.0315",
  "PEGRatio": "15.59",
  "PERatio": "11.37",
  "PercentInsiders": "0.294",
  "PercentInstitutions": "64.673",
  "PriceToBookRatio": "1.117",
  "PriceToSalesRatioTTM": "0.279",
  "ProfitMargin": "0.0248",
  "QuarterlyEarningsGrowthYOY": "1.727",
  "QuarterlyRevenueGrowthYOY": "0.094",
  "ReturnOnAssetsTTM": "0.0083",
  "ReturnOnEquityTTM": "0.103",
  "RevenuePerShareTTM": "47.69",
  "RevenueTTM": "189587997000",
  "Sector": "CONSUMER CYCLICAL",
  "SharesFloat": "3877116000",
  "SharesOutstanding": "3913646000",
  "Symbol": "F",
  "TrailingPE": "11.37",
}
`;
